// Jest Snapshot v1, https://goo.gl/fbAQLP

exports[`App should match the snapshot 1`] = `
<div
  className="text-green-500 text-xl"
>
  <h1>
    Hello, world!
  </h1>
</div>
`;
